###############################################################################
#
# IAR ELF Linker V3.11.1.207 for STM8                     13/Jun/2023  16:59:15
# Copyright 2010-2019 IAR Systems AB.
#
#    Output file  =  F:\mcu_stm8\Debug\Exe\time.out
#    Map file     =  F:\mcu_stm8\Debug\List\time.map
#    Command line =  
#        -f C:\Users\HaiTu\AppData\Local\Temp\EW5E7E.tmp
#        (F:\mcu_stm8\Debug\Obj\main.o F:\mcu_stm8\Debug\Obj\stm8s_adc1.o
#        F:\mcu_stm8\Debug\Obj\stm8s_awu.o F:\mcu_stm8\Debug\Obj\stm8s_beep.o
#        F:\mcu_stm8\Debug\Obj\stm8s_clk.o F:\mcu_stm8\Debug\Obj\stm8s_exti.o
#        F:\mcu_stm8\Debug\Obj\stm8s_flash.o F:\mcu_stm8\Debug\Obj\stm8s_gpio.o
#        F:\mcu_stm8\Debug\Obj\stm8s_i2c.o F:\mcu_stm8\Debug\Obj\stm8s_it.o
#        F:\mcu_stm8\Debug\Obj\stm8s_itc.o F:\mcu_stm8\Debug\Obj\stm8s_iwdg.o
#        F:\mcu_stm8\Debug\Obj\stm8s_rst.o F:\mcu_stm8\Debug\Obj\stm8s_spi.o
#        F:\mcu_stm8\Debug\Obj\stm8s_tim1.o F:\mcu_stm8\Debug\Obj\stm8s_tim2.o
#        F:\mcu_stm8\Debug\Obj\stm8s_tim4.o F:\mcu_stm8\Debug\Obj\stm8s_uart1.o
#        F:\mcu_stm8\Debug\Obj\stm8s_wwdg.o --redirect _Printf=_PrintfFullNoMb
#        --redirect _Scanf=_ScanfFullNoMb --no_out_extension -o
#        F:\mcu_stm8\Debug\Exe\time.out --map F:\mcu_stm8\Debug\List\time.map
#        --config "D:\Program Files (x86)\IAR Systems\Embedded Workbench
#        8.3\stm8\config\lnkstm8s103f3.icf" --config_def _CSTACK_SIZE=0x100
#        --config_def _HEAP_SIZE=0x100 --entry __iar_program_start --debug_lib)
#
###############################################################################

*******************************************************************************
*** RUNTIME MODEL ATTRIBUTES
***

__SystemLibrary            = DLib
__code_model               = small
__core                     = stm8
__data_model               = medium
__dlib_file_descriptor     = 0
__dlib_full_locale_support = 0
__rt_version               = 4


*******************************************************************************
*** PLACEMENT SUMMARY
***

"A0":  place at start of [0x000000-0x0000ff] { rw section .vregs };
"A1":  place at end of [0x000000-0x0003ff] { block CSTACK };
"P2":  place in [from 0x000000 to 0x0003ff] {
          block HEAP, rw section __DLIB_PERTHREAD, rw section .far.bss,
          rw section .far.data, rw section .far.noinit,
          rw section .far_func.textrw, rw section .huge.bss,
          rw section .huge.data, rw section .huge.noinit,
          rw section .huge_func.textrw, rw section .iar.dynexit,
          rw section .near.bss, rw section .near.data, rw section .near.noinit,
          rw section .near_func.textrw };
"A2":  place at start of [0x008000-0x009fff] { block INTVEC };
"P3":  place in [from 0x008000 to 0x009fff] {
          ro section __DLIB_PERTHREAD_init, ro section .far.data_init,
          ro section .far_func.textrw_init, ro section .huge.data_init,
          ro section .huge_func.textrw_init, ro section .iar.init_table,
          ro section .init_array, ro section .near.data_init,
          ro section .near.rodata, ro section .near_func.text,
          ro section .near_func.textrw_init, ro section .tiny.data_init,
          ro section .tiny.rodata_init };
"P4":  place in [from 0x008000 to 0x009fff] {
          ro section .far.rodata, ro section .far_func.text };
"P5":  place in [from 0x008000 to 0x009fff] {
          ro section .huge.rodata, ro section .huge_func.text };
do not initialize {
   rw section .eeprom.noinit, rw section .far.noinit, rw section .huge.noinit,
   rw section .near.noinit, rw section .tiny.noinit, rw section .vregs };
initialize by copy {
   rw section .far.bss, rw section .far.data, rw section .far_func.textrw,
   rw section .huge.bss, rw section .huge.data, rw section .huge_func.textrw,
   rw section .iar.dynexit, rw section .near.bss, rw section .near.data,
   rw section .near_func.textrw, rw section .tiny.bss, rw section .tiny.data,
   ro section .tiny.rodata };

No sections matched the following patterns:

  ro section .far.data_init          in "P3-P5"
  ro section .far.rodata             in "P3-P5"
  ro section .far_func.text          in "P3-P5"
  ro section .far_func.textrw_init   in "P3-P5"
  ro section .huge.data_init         in "P3-P5"
  ro section .huge.rodata            in "P3-P5"
  ro section .huge_func.text         in "P3-P5"
  ro section .huge_func.textrw_init  in "P3-P5"
  ro section .iar.init_table         in "P3-P5"
  ro section .init_array             in "P3-P5"
  ro section .near_func.textrw_init  in "P3-P5"
  ro section .tiny.data_init         in "P3-P5"
  ro section .tiny.rodata_init       in "P3-P5"
  ro section __DLIB_PERTHREAD_init   in "P3-P5"
  rw section .far.bss                in "P2"
  rw section .far.data               in "P2"
  rw section .far.noinit             in "P2"
  rw section .far_func.textrw        in "P2"
  rw section .huge.bss               in "P2"
  rw section .huge.data              in "P2"
  rw section .huge.noinit            in "P2"
  rw section .huge_func.textrw       in "P2"
  rw section .iar.dynexit            in "P2"
  rw section .near.noinit            in "P2"
  rw section .near_func.textrw       in "P2"
  rw section .tiny.bss               in "P1"
  rw section .tiny.data              in "P1"
  rw section .tiny.noinit            in "P1"
  rw section .tiny.rodata            in "P1"
  rw section __DLIB_PERTHREAD        in "P2"
  section .eeprom.data               in "P6-P8"
  section .eeprom.noinit             in "P6-P8"
  section .eeprom.rodata             in "P6-P8"


  Section            Kind      Address   Size  Object
  -------            ----      -------   ----  ------
"A0":                                    0x10
  .vregs             uninit   0x000000   0x10  vregs.o [4]
                            - 0x000010   0x10

"P2":                                    0x16
  P2-1                        0x000010   0x16  <Init block>
    .near.data       inited   0x000010    0x1  main.o [1]
    .near.data       inited   0x000011    0x1  stm8s_it.o [1]
    .near.bss        inited   0x000012    0x4  main.o [1]
    .near.bss        inited   0x000016    0x1  stm8s_it.o [1]
    .near.bss        inited   0x000017    0x1  stm8s_it.o [1]
    .near.bss        inited   0x000018    0x1  stm8s_it.o [1]
    .near.bss        inited   0x000019    0x1  stm8s_it.o [1]
    .near.bss        inited   0x00001a    0x1  stm8s_it.o [1]
    .near.bss        inited   0x00001b    0x2  stm8s_it.o [1]
    .near.bss        inited   0x00001d    0x4  stm8s_it.o [1]
    .near.bss        inited   0x000021    0x1  stm8s_it.o [1]
    .near.bss        inited   0x000022    0x1  stm8s_it.o [1]
    .near.bss        inited   0x000023    0x2  stm8s_it.o [1]
    .near.bss        inited   0x000025    0x1  stm8s_it.o [1]
                            - 0x000026   0x16

"A1":                                   0x100
  CSTACK                      0x000300  0x100  <Block>
    CSTACK           uninit   0x000300  0x100  <Block tail>
                            - 0x000400  0x100

"A2":                                    0x80
  INTVEC                      0x008000   0x80  <Block>
    .intvec          const    0x008000   0x80  interrupt.o [4]
                            - 0x008080   0x80

"P3-P5":                                0x97a
  .near_func.text    ro code  0x008080  0x19d  stm8s_it.o [1]
  .near_func.text    ro code  0x00821d  0x110  stm8s_gpio.o [1]
  .near_func.text    ro code  0x00832d  0x106  stm8s_it.o [1]
  .near_func.text    ro code  0x008433   0xba  stm8s_it.o [1]
  .near_func.text    ro code  0x0084ed   0xb1  vreg_util.o [4]
  .near_func.text    ro code  0x00859e   0x99  main.o [1]
  .near_func.text    ro code  0x008637   0x58  main.o [1]
  .near_func.text    ro code  0x00868f   0x51  stm8s_tim4.o [1]
  .near_func.text    ro code  0x0086e0   0x50  stm8s_tim4.o [1]
  .near_func.text    ro code  0x008730   0x3d  stm8s_clk.o [1]
  .near.rodata       const    0x00876d   0x34  stm8s_gpio.o [1]
  .near.rodata       const    0x0087a1   0x34  stm8s_tim4.o [1]
  .near.rodata       const    0x0087d5   0x33  stm8s_clk.o [1]
  .near_func.text    ro code  0x008808   0x2f  stm8s_tim4.o [1]
  .near_func.text    ro code  0x008837   0x2f  stm8s_tim4.o [1]
  .near_func.text    ro code  0x008866   0x2c  long.o [4]
  .near_func.text    ro code  0x008892   0x28  init_small.o [4]
  .near_func.text    ro code  0x0088ba   0x24  stm8s_tim4.o [1]
  .near_func.text    ro code  0x0088de   0x24  stm8s_tim4.o [1]
  .near_func.text    ro code  0x008902   0x22  stm8s_it.o [1]
  .near_func.text    ro code  0x008924   0x21  main.o [1]
  .iar.init_table    const    0x008945    0xa  - Linker created -
  .near_func.text    ro code  0x00894f   0x1a  long_util.o [4]
  Initializer bytes  const    0x008969   0x16  <for P2-1>
  .near_func.text    ro code  0x00897f   0x14  init.o [4]
  .near_func.text    ro code  0x008993   0x14  __dbg_xxexit.o [3]
  .near_func.text    ro code  0x0089a7   0x13  cstartup.o [4]
  .near_func.text    ro code  0x0089ba    0x7  stm8s_gpio.o [1]
  .near_func.text    ro code  0x0089c1    0x7  stm8s_gpio.o [1]
  .near_func.text    ro code  0x0089c8    0x7  stm8s_gpio.o [1]
  .near_func.text    ro code  0x0089cf    0x5  cexit.o [4]
  .near_func.text    ro code  0x0089d4    0x4  stm8s_gpio.o [1]
  .near_func.text    ro code  0x0089d8    0x3  interrupt.o [4]
  .near_func.text    ro code  0x0089db    0x3  low_level_init.o [4]
  .near_func.text    ro code  0x0089de    0x3  exit.o [4]
  .near_func.text    ro code  0x0089e1    0x3  unhandled_exception.o [4]
  .near_func.text    ro code  0x0089e4    0x2  main.o [1]
  .near_func.text    ro code  0x0089e6    0x1  stm8s_it.o [1]
  .near_func.text    ro code  0x0089e7    0x1  stm8s_it.o [1]
  .near_func.text    ro code  0x0089e8    0x1  stm8s_it.o [1]
  .near_func.text    ro code  0x0089e9    0x1  stm8s_it.o [1]
  .near_func.text    ro code  0x0089ea    0x1  stm8s_it.o [1]
  .near_func.text    ro code  0x0089eb    0x1  stm8s_it.o [1]
  .near_func.text    ro code  0x0089ec    0x1  stm8s_it.o [1]
  .near_func.text    ro code  0x0089ed    0x1  stm8s_it.o [1]
  .near_func.text    ro code  0x0089ee    0x1  stm8s_it.o [1]
  .near_func.text    ro code  0x0089ef    0x1  stm8s_it.o [1]
  .near_func.text    ro code  0x0089f0    0x1  stm8s_it.o [1]
  .near_func.text    ro code  0x0089f1    0x1  stm8s_it.o [1]
  .near_func.text    ro code  0x0089f2    0x1  stm8s_it.o [1]
  .near_func.text    ro code  0x0089f3    0x1  stm8s_it.o [1]
  .near_func.text    ro code  0x0089f4    0x1  stm8s_it.o [1]
  .near_func.text    ro code  0x0089f5    0x1  stm8s_it.o [1]
  .near_func.text    ro code  0x0089f6    0x1  stm8s_it.o [1]
  .near_func.text    ro code  0x0089f7    0x1  stm8s_it.o [1]
  .near_func.text    ro code  0x0089f8    0x1  stm8s_it.o [1]
  .near_func.text    ro code  0x0089f9    0x1  __dbg_break.o [3]
                            - 0x0089fa  0x97a


*******************************************************************************
*** INIT TABLE
***

          Address   Size
          -------   ----
Copy (__iar_copy_init2)
    1 source range, total size 0x16:
          0x008969  0x16
    1 destination range, total size 0x16:
          0x000010  0x16



*******************************************************************************
*** MODULE SUMMARY
***

    Module                 ro code  ro data  rw data
    ------                 -------  -------  -------
F:\mcu_stm8\Debug\Obj: [1]
    main.o                     276        5        5
    stm8s_clk.o                 61       51
    stm8s_gpio.o               297       52
    stm8s_it.o                 914       17       17
    stm8s_tim4.o               327       52
    ------------------------------------------------
    Total:                   1 875      177       22

command line: [2]
    ------------------------------------------------
    Total:

dbgstm8smd.a: [3]
    __dbg_break.o                1
    __dbg_xxexit.o              20
    ------------------------------------------------
    Total:                      21

dlstm8smn.a: [4]
    cexit.o                      5
    cstartup.o                  19
    exit.o                       3
    init.o                      20
    init_small.o                40
    interrupt.o                  3      128
    long.o                      44
    long_util.o                 26
    low_level_init.o             3
    unhandled_exception.o        3
    vreg_util.o                177
    vregs.o                                       16
    ------------------------------------------------
    Total:                     343      128       16

    Linker created                       10      256
----------------------------------------------------
    Grand Total:             2 239      315      294


*******************************************************************************
*** ENTRY LIST
***

Entry                    Address   Size  Type      Object
-----                    -------   ----  ----      ------
.iar.init_table$$Base   0x008945          --   Gb  - Linker created -
.iar.init_table$$Limit  0x00894f          --   Gb  - Linker created -
?b0                     0x000000         Data  Gb  vregs.o [4]
?b1                     0x000001         Data  Gb  vregs.o [4]
?b10                    0x00000a         Data  Gb  vregs.o [4]
?b11                    0x00000b         Data  Gb  vregs.o [4]
?b12                    0x00000c         Data  Gb  vregs.o [4]
?b13                    0x00000d         Data  Gb  vregs.o [4]
?b14                    0x00000e         Data  Gb  vregs.o [4]
?b15                    0x00000f         Data  Gb  vregs.o [4]
?b2                     0x000002         Data  Gb  vregs.o [4]
?b3                     0x000003         Data  Gb  vregs.o [4]
?b4                     0x000004         Data  Gb  vregs.o [4]
?b5                     0x000005         Data  Gb  vregs.o [4]
?b6                     0x000006         Data  Gb  vregs.o [4]
?b7                     0x000007         Data  Gb  vregs.o [4]
?b8                     0x000008         Data  Gb  vregs.o [4]
?b9                     0x000009         Data  Gb  vregs.o [4]
?dec32_0x_0x            0x00887e         Code  Gb  long.o [4]
?dec32_l2_l2            0x008879         Code  Gb  long.o [4]
?e0                     0x000001         Data  Gb  vregs.o [4]
?e1                     0x000005         Data  Gb  vregs.o [4]
?e2                     0x000009         Data  Gb  vregs.o [4]
?e3                     0x00000d         Data  Gb  vregs.o [4]
?epilogue_l2            0x008575         Code  Gb  vreg_util.o [4]
?epilogue_l2_w6         0x008579         Code  Gb  vreg_util.o [4]
?epilogue_w4            0x008580         Code  Gb  vreg_util.o [4]
?inc32_0x_0x            0x00886b         Code  Gb  long.o [4]
?inc32_l0_l0            0x008866         Code  Gb  long.o [4]
?l0                     0x000000         Data  Gb  vregs.o [4]
?l1                     0x000004         Data  Gb  vregs.o [4]
?l2                     0x000008         Data  Gb  vregs.o [4]
?l3                     0x00000c         Data  Gb  vregs.o [4]
?load32_0x_l0           0x00895b         Code  Gb  long_util.o [4]
?load32_l0_0x           0x00894f         Code  Gb  long_util.o [4]
?mov_e0_e2              0x008587         Code  Gb  vreg_util.o [4]
?mov_e2_e0              0x008594         Code  Gb  vreg_util.o [4]
?mov_l0_l2              0x008584         Code  Gb  vreg_util.o [4]
?mov_l2_l0              0x008591         Code  Gb  vreg_util.o [4]
?mov_w1_w5              0x00858a         Code  Gb  vreg_util.o [4]
?mov_w5_w1              0x008597         Code  Gb  vreg_util.o [4]
?pop_l0                 0x00854c         Code  Gb  vreg_util.o [4]
?pop_l1                 0x008557         Code  Gb  vreg_util.o [4]
?pop_l2                 0x008562         Code  Gb  vreg_util.o [4]
?pop_w4                 0x00850a         Code  Gb  vreg_util.o [4]
?pop_w6                 0x008511         Code  Gb  vreg_util.o [4]
?push_l0                0x008520         Code  Gb  vreg_util.o [4]
?push_l1                0x008525         Code  Gb  vreg_util.o [4]
?push_l2                0x00852a         Code  Gb  vreg_util.o [4]
?push_w4                0x0084ed         Code  Gb  vreg_util.o [4]
?push_w6                0x0084f2         Code  Gb  vreg_util.o [4]
?w0                     0x000000         Data  Gb  vregs.o [4]
?w1                     0x000002         Data  Gb  vregs.o [4]
?w2                     0x000004         Data  Gb  vregs.o [4]
?w3                     0x000006         Data  Gb  vregs.o [4]
?w4                     0x000008         Data  Gb  vregs.o [4]
?w5                     0x00000a         Data  Gb  vregs.o [4]
?w6                     0x00000c         Data  Gb  vregs.o [4]
?w7                     0x00000e         Data  Gb  vregs.o [4]
ADC1_IRQHandler         0x0089f7    0x1  Code  Gb  stm8s_it.o [1]
AWU_IRQHandler          0x0089e8    0x1  Code  Gb  stm8s_it.o [1]
CLK_HSIPrescalerConfig  0x008730   0x3d  Code  Gb  stm8s_clk.o [1]
CLK_IRQHandler          0x0089e9    0x1  Code  Gb  stm8s_it.o [1]
CSTACK$$Base            0x000300          --   Gb  - Linker created -
CSTACK$$Limit           0x000400          --   Gb  - Linker created -
Cmd_Process             0x008080  0x19d  Code  Gb  stm8s_it.o [1]
CpuAlive                0x000011    0x1  Data  Gb  stm8s_it.o [1]
CpuUnAliveCnt           0x00001d    0x4  Data  Gb  stm8s_it.o [1]
CsVal                   0x000016    0x1  Data  Gb  stm8s_it.o [1]
CsValLast               0x000018    0x1  Data  Gb  stm8s_it.o [1]
DataVal                 0x000017    0x1  Data  Gb  stm8s_it.o [1]
DataValLast             0x000019    0x1  Data  Gb  stm8s_it.o [1]
DebugMode               0x000021    0x1  Data  Gb  stm8s_it.o [1]
EEPROM_EEC_IRQHandler   0x0089f8    0x1  Code  Gb  stm8s_it.o [1]
EXTI_PORTA_IRQHandler   0x0089ea    0x1  Code  Gb  stm8s_it.o [1]
EXTI_PORTB_IRQHandler   0x0089eb    0x1  Code  Gb  stm8s_it.o [1]
EXTI_PORTC_IRQHandler   0x0089ec    0x1  Code  Gb  stm8s_it.o [1]
EXTI_PORTD_IRQHandler   0x0089ed    0x1  Code  Gb  stm8s_it.o [1]
EXTI_PORTE_IRQHandler   0x0089ee    0x1  Code  Gb  stm8s_it.o [1]
GPIO_Init               0x00821d  0x110  Code  Gb  stm8s_gpio.o [1]
GPIO_ReadInputPin       0x0089c8    0x7  Code  Gb  stm8s_gpio.o [1]
GPIO_WriteHigh          0x0089ba    0x7  Code  Gb  stm8s_gpio.o [1]
GPIO_WriteLow           0x0089d4    0x4  Code  Gb  stm8s_gpio.o [1]
GPIO_WriteReverse       0x0089c1    0x7  Code  Gb  stm8s_gpio.o [1]
I2C_IRQHandler          0x0089f6    0x1  Code  Gb  stm8s_it.o [1]
INTVEC$$Base            0x008000          --   Gb  - Linker created -
INTVEC$$Limit           0x008080          --   Gb  - Linker created -
Init_GPIO               0x008637   0x58  Code  Gb  main.o [1]
Init_Timer4             0x008924   0x21  Code  Gb  main.o [1]
PwmSta                  0x00001b    0x2  Data  Gb  stm8s_it.o [1]
Region$$Table$$Base     0x008945          --   Gb  - Linker created -
Region$$Table$$Limit    0x00894f          --   Gb  - Linker created -
SPI_IRQHandler          0x0089ef    0x1  Code  Gb  stm8s_it.o [1]
TIM1_CAP_COM_IRQHandler
                        0x0089f1    0x1  Code  Gb  stm8s_it.o [1]
TIM1_UPD_OVF_TRG_BRK_IRQHandler
                        0x0089f0    0x1  Code  Gb  stm8s_it.o [1]
TIM2_CAP_COM_IRQHandler
                        0x0089f3    0x1  Code  Gb  stm8s_it.o [1]
TIM2_UPD_OVF_BRK_IRQHandler
                        0x0089f2    0x1  Code  Gb  stm8s_it.o [1]
TIM4_ClearFlag          0x0088ba   0x24  Code  Gb  stm8s_tim4.o [1]
TIM4_ClearITPendingBit  0x0088de   0x24  Code  Gb  stm8s_tim4.o [1]
TIM4_Cmd                0x008808   0x2f  Code  Gb  stm8s_tim4.o [1]
TIM4_ITConfig           0x0086e0   0x50  Code  Gb  stm8s_tim4.o [1]
TIM4_SelectOnePulseMode
                        0x008837   0x2f  Code  Gb  stm8s_tim4.o [1]
TIM4_TimeBaseInit       0x00868f   0x51  Code  Gb  stm8s_tim4.o [1]
TIM4_UPD_OVF_IRQHandler
                        0x00832d  0x106  Code  Gb  stm8s_it.o [1]
TIM4_UPD_OVF_IRQHandler::new_cmd
                        0x000025    0x1  Data  Lc  stm8s_it.o [1]
TIM4_UPD_OVF_IRQHandler::pwm_val
                        0x000023    0x2  Data  Lc  stm8s_it.o [1]
TIM4_UPD_OVF_IRQHandler::work
                        0x000022    0x1  Data  Lc  stm8s_it.o [1]
TLI_IRQHandler          0x0089e7    0x1  Code  Gb  stm8s_it.o [1]
TRAP_IRQHandler         0x0089e6    0x1  Code  Gb  stm8s_it.o [1]
UART1_RX_IRQHandler     0x0089f5    0x1  Code  Gb  stm8s_it.o [1]
UART1_TX_IRQHandler     0x0089f4    0x1  Code  Gb  stm8s_it.o [1]
WdtEn                   0x00001a    0x1  Data  Gb  stm8s_it.o [1]
__DebugBreak            0x0089f9    0x1  Code  Gb  __dbg_break.o [3]
__exit                  0x008993   0x14  Code  Gb  __dbg_xxexit.o [3]
__iar_copy_init2        0x008892         Code  Gb  init_small.o [4]
__iar_data_init2        0x00897f   0x14  Code  Gb  init.o [4]
__iar_program_start     0x0089a7         Code  Gb  cstartup.o [4]
__iar_unhandled_exception
                        0x0089e1         Code  Gb  unhandled_exception.o [4]
__intvec                0x008000         Data  Gb  interrupt.o [4]
__low_level_init        0x0089db    0x3  Code  Gb  low_level_init.o [4]
_exit                   0x0089cf         Code  Gb  cexit.o [4]
_interrupt_1            0x0089e6         Code  Gb  stm8s_it.o [1]
_interrupt_12           0x0089ef         Code  Gb  stm8s_it.o [1]
_interrupt_13           0x0089f0         Code  Gb  stm8s_it.o [1]
_interrupt_14           0x0089f1         Code  Gb  stm8s_it.o [1]
_interrupt_15           0x0089f2         Code  Gb  stm8s_it.o [1]
_interrupt_16           0x0089f3         Code  Gb  stm8s_it.o [1]
_interrupt_19           0x0089f4         Code  Gb  stm8s_it.o [1]
_interrupt_2            0x0089e7         Code  Gb  stm8s_it.o [1]
_interrupt_20           0x0089f5         Code  Gb  stm8s_it.o [1]
_interrupt_21           0x0089f6         Code  Gb  stm8s_it.o [1]
_interrupt_24           0x0089f7         Code  Gb  stm8s_it.o [1]
_interrupt_25           0x00832d         Code  Gb  stm8s_it.o [1]
_interrupt_26           0x0089f8         Code  Gb  stm8s_it.o [1]
_interrupt_3            0x0089e8         Code  Gb  stm8s_it.o [1]
_interrupt_4            0x0089e9         Code  Gb  stm8s_it.o [1]
_interrupt_5            0x0089ea         Code  Gb  stm8s_it.o [1]
_interrupt_6            0x0089eb         Code  Gb  stm8s_it.o [1]
_interrupt_7            0x0089ec         Code  Gb  stm8s_it.o [1]
_interrupt_8            0x0089ed         Code  Gb  stm8s_it.o [1]
_interrupt_9            0x0089ee         Code  Gb  stm8s_it.o [1]
assert_failed           0x0089e4    0x2  Code  Gb  main.o [1]
exit                    0x0089de    0x3  Code  Gb  exit.o [4]
i                       0x000012    0x4  Data  Gb  main.o [1]
main                    0x00859e   0x99  Code  Gb  main.o [1]
re_power_on             0x008433   0xba  Code  Gb  stm8s_it.o [1]
reset_cpu               0x008902   0x22  Code  Gb  stm8s_it.o [1]
start_up                0x000010    0x1  Data  Gb  main.o [1]


[1] = F:\mcu_stm8\Debug\Obj
[2] = command line
[3] = dbgstm8smd.a
[4] = dlstm8smn.a

  2 239 bytes of readonly  code memory
    315 bytes of readonly  data memory
    294 bytes of readwrite data memory

Errors: none
Warnings: none
